// Vitest Snapshot v1

exports[`ModalDialog > should render configured modal component 1`] = `
"<!--teleport start-->
<!--teleport end-->"
`;
